base-uri 'self'
connect-src 'self'
default-src 'self'
font-src 'self'
form-action 'self'
frame-src 'self'
img-src 'self'
media-src 'self'
object-src 'none'
script-src 'self'
style-src 'self'