img-src cdn.usefathom.com
script-src cdn.usefathom.com
connect-src cdn.usefathom.com