connect-src https://api.rollbar.com
script-src https://cdn.rollbar.com