script-src connect.facebook.net
frame-src www.facebook.com
form-action www.facebook.com
img-src www.facebook.com
connect-src www.facebook.com