connect-src *.googletagmanager.com *.googleadservices.com
img-src *.googletagmanager.com *.googleadservices.com
frame-src *.googletagmanager.com *.googleadservices.com
script-src *.googletagmanager.com *.googleadservices.com